  1/35 im_01_arch: PA 28.48947206396071 -> 23.78085910314859 (GT 27.49); ang -17.064693230783895 -> 14.565835791875791
  2/35 im_02_arch: PA 15.979673415246696 -> 16.251291085647008 (GT 16.08); ang -8.206750751295665 -> 7.383547549734322
  3/35 im_03_arch: PA 25.056004572982694 -> 20.326409529380047 (GT 23.81); ang -14.199763970213823 -> 13.57654101531307
  4/35 im_04_arch: PA 18.761254492676144 -> 18.66005266847384 (GT 19.40); ang -11.242274848830329 -> 11.567241990745659
  5/35 im_05_arch: PA 21.353472156542445 -> 19.87855923770807 (GT 24.28); ang -12.776105599860912 -> 10.26411987471209
  6/35 im_06_arch: PA 10.558048465525665 -> 10.988485976936621 (GT 14.25); ang -11.767228116200348 -> 11.25305381176512
  7/35 im_07_arch: PA 15.741051005727275 -> 15.72843724187869 (GT 16.52); ang -14.130429954397234 -> 14.375096087082522
  8/35 im_08_arch: PA 21.051071054242648 -> 21.169462056765223 (GT 23.03); ang -19.465715729111 -> 19.294065917125554
  9/35 im_09_arch: PA 13.082325693392042 -> 10.838571572995884 (GT 15.23); ang -8.857959505124581 -> 6.094344929717876
  10/35 im_10_arch: PA 22.840827238922536 -> 20.261878871686918 (GT 24.39); ang -21.55472151363173 -> 20.663292553294294
  11/35 im_11_arch: PA 15.75664399963653 -> 15.999299824506947 (GT 14.86); ang -7.313401953416369 -> 8.6440513708887
  12/35 im_12_arch: PA 13.74543387410828 -> 12.971032671396795 (GT 17.38); ang -6.409205468656762 -> 7.99761271582106
  13/35 im_13_arch: PA 15.137654024052956 -> 15.0040437651299 (GT 13.73); ang -12.146821310415149 -> 11.460792990792669
  14/35 im_14_arch: PA 24.121565176189385 -> 22.898212840077793 (GT 23.63); ang -14.629092830318815 -> 15.196397239903217
  15/35 im_15_arch: PA None -> 16.08066615270814 (GT 17.19); ang -12.635968415653618 -> 11.670684536354447
  16/35 im_16_arch: PA 13.887777285223995 -> 10.789383640444068 (GT 14.80); ang -5.391609352728215 -> 1.6108376765564778
  17/35 im_17_arch: PA 17.393408101946797 -> 17.190851802172077 (GT 17.19); ang -10.484685579732739 -> 11.025599941779458
  18/35 im_18_arch: PA 18.534643554149984 -> 17.571994568438615 (GT 19.60); ang -13.045497472928124 -> 12.51765809664078
  19/35 im_19_arch: PA 16.736343665666645 -> 17.01284928845547 (GT 16.02); ang -14.445935155637345 -> 13.658387546626109
  20/35 im_20_arch: PA 19.69101119773084 -> None (GT 18.20); ang -9.779022618271904 -> 8.879253340634522
  21/35 im_21_arch: PA 15.502953900006187 -> 15.891651220400448 (GT 16.36); ang -9.709174072993642 -> 9.338506085164463
  22/35 im_22_arch: PA 14.535782086094782 -> 14.774802762763095 (GT 17.36); ang -14.358989234255358 -> 14.992313376654229
  23/35 im_23_arch: PA 17.34793449578892 -> 18.675824050223483 (GT 16.61); ang -8.026540711167533 -> 8.973421871318312
  24/35 im_24_arch: PA 16.93726334311056 -> 11.565557929080585 (GT 16.60); ang -7.823541027163326 -> 8.258259642390044
  25/35 im_25_arch: PA 19.829058903563954 -> 19.64773924941191 (GT 17.86); ang -16.464870283127873 -> 16.06844050954697
  26/35 im_26_arch: PA 17.62401306620668 -> 18.081418472797502 (GT 18.41); ang -18.324050750909226 -> 17.63634966918814
  27/35 im_27_arch: PA 20.00502849670698 -> None (GT 17.63); ang -8.229974568430576 -> 8.890939251407644
  28/35 im_28_arch: PA 15.055459778902783 -> 14.342931485070158 (GT 14.78); ang -15.766252931043237 -> 15.788164162733608
  29/35 im_29_arch: PA 23.579847076548326 -> 20.666290025183287 (GT 20.36); ang -7.79313687451519 -> 8.469736739952769
  30/35 im_30_arch: PA 19.036808645474963 -> 18.605994494853412 (GT 21.05); ang -16.892238354700297 -> 16.370625757978193
  31/35 im_31_arch: PA 15.15010187432109 -> 15.38720832121732 (GT 15.36); ang -7.689506628165554 -> 7.308382671325343
  32/35 im_32_arch: PA 13.53694710802044 -> 13.016347389339096 (GT 14.69); ang -11.37526308628639 -> 11.45234600473866
  33/35 im_33_arch: PA 14.873875969380821 -> 15.125831147216395 (GT 15.17); ang -3.6070879133524567 -> 4.085591353514675
  34/35 im_34_arch: PA 24.96843950035526 -> 20.69014695916408 (GT 23.31); ang -14.227698564472504 -> 12.128157470161304
  35/35 im_35_arch: PA 20.113900869111635 -> 20.87247079251123 (GT 19.25); ang -8.9084532223733 -> 8.861724870704258

per-target vs expert consensus (n = rows the pipeline measured):
variant        orig    flip
pa_deg_n     34.000  33.000
pa_deg_mae    1.367   1.942
pa_deg_bias  -0.255  -1.373
pa_deg_rho    0.889   0.832
fl_mm_n      34.000  33.000
fl_mm_mae     5.948   6.154
fl_mm_bias   -1.795   2.184
fl_mm_rho     0.627   0.652
mt_mm_n      35.000  34.000
mt_mm_mae     1.170   1.895
mt_mm_bias   -0.834  -0.478
mt_mm_rho     0.706   0.648

fascicle slope sign: as delivered 35/35 negative (training-like); flipped 0/35 negative
paired PA flip-orig on 32 rows: median -0.19 deg, median |d| 0.49

verdict: INCONCLUSIVE (between the pre-registered bands)  [flip PA MAE 1.942, rho 0.832, usable drop 1]
wrote /Users/smt2/data/bounty-hunting/kaggle/UMUD Muscle/reports/l6o_flip_audit.csv
