2761 pairs -> train 2738 (pseudo 308), val 331 | device mps | arch unet
/Users/smt2/data/competitions/umud-muscle/scripts/train_fascicle.py:163: UserWarning: Converting a tensor with requires_grad=True to a scalar may lead to unexpected behavior.
Consider using tensor.detach() first. (Triggered internally at /Users/runner/work/pytorch/pytorch/torch/csrc/autograd/generated/python_variable_methods.cpp:823.)
  tot += float(loss)
  epoch  1/16  loss 0.8383  val_dice 0.4994  127s
  epoch  2/16  loss 0.5820  val_dice 0.5509  201s
  epoch  3/16  loss 0.5493  val_dice 0.5632  172s
  epoch  4/16  loss 0.5247  val_dice 0.6119  146s
  epoch  5/16  loss 0.5056  val_dice 0.5794  141s
  epoch  6/16  loss 0.4846  val_dice 0.5250  159s
  epoch  7/16  loss 0.4705  val_dice 0.5536  125s
  epoch  8/16  loss 0.4544  val_dice 0.5979  158s
  epoch  9/16  loss 0.4402  val_dice 0.6150  136s
  epoch 10/16  loss 0.4266  val_dice 0.5937  148s
  epoch 11/16  loss 0.4107  val_dice 0.6213  157s
  epoch 12/16  loss 0.3953  val_dice 0.6365  128s
  epoch 13/16  loss 0.3829  val_dice 0.6466  158s
  epoch 14/16  loss 0.3728  val_dice 0.6306  127s
  epoch 15/16  loss 0.3656  val_dice 0.6493  159s
  epoch 16/16  loss 0.3625  val_dice 0.6422  160s

best val Dice 0.6493 -> /Users/smt2/data/competitions/umud-muscle/checkpoints/fasc_unet_l6t_best.pt
